2026-09-23 14:57:41,161 INFO Loading vault database /home/mikko/.tradingstrategy/vault-metadata-db.pickle
2026-09-23 14:57:42,424 INFO Loading prices /home/mikko/.tradingstrategy/vault-prices-1h.parquet
2026-09-23 14:57:44,165 INFO Price data has 25,289 unique vault ids, vault database has 51,907 vault ids
2026-09-23 14:57:44,175 INFO Vault cleaning stage metadata identity scan: 22,552,978 rows in 1.73s
2026-09-23 14:57:44,879 INFO Vault cleaning stage raw Parquet read: 10,338,606 rows in 0.67s
2026-09-23 14:57:44,943 INFO We have 50,364 vault leads in the vault database and 10,338,606 price rows in the raw prices DataFrame
2026-09-23 14:57:45,013 INFO Fixed 27055 duplicate vault names, 12445 vaults had empty names, duplicate names with NAV: 1908
2026-09-23 14:57:45,013 INFO Example vault with empty name: {'Symbol': '', 'Name': '(Optimism) #2489', 'Address': '0x35ddc863400689f7aa4deca7986c40b0559333fa', 'Protocol': '<unknown>', 'Denomination': '', 'Share token': '', 'NAV': 0, 'Peak NAV': 0, 'Mgmt fee': None, 'Perf fee': None, 'Shares': 0, 'Features': '', 'features': {<ERC4626Feature.broken: 'broken'>}, 'First seen': datetime.datetime(2023, 2, 28, 0, 35, 25), 'Link': None, '_detection_data': ERC4262VaultDetection(chain=10, address='0x35ddc863400689f7aa4deca7986c40b0559333fa', first_seen_at_block=77656969, first_seen_at=datetime.datetime(2023, 2, 28, 0, 35, 25), features={<ERC4626Feature.broken: 'broken'>}, updated_at=datetime.datetime(2026, 9, 17, 6, 30, 7, 109669), deposit_count=1, redeem_count=0, configuration_count=0, current_deposit_permission=None), '_fees': None, '_flags': {}, '_strategy_tags': None, '_notes': None, '_deposit_manager': None, '_deposit_permission': 'unknown', '_withdrawal_period': None, '_whitelist_notes': None, '_minimum_deposit': None, '_minimum_redemption': None, '_share_price_source': None}
2026-09-23 14:57:45,565 INFO Price data has 14,565 unique vault ids, vault database has 51,907 vault ids
2026-09-23 14:57:45,791 INFO Selected 25,200 vaults and 10,338,606 price rows for denomination families ['stablecoin']
2026-09-23 14:57:52,056 INFO Vault cleaning stage metadata/filter: 10,338,606 -> 10,338,606 rows in 7.11s
2026-09-23 14:58:06,078 INFO Vault cleaning stage sort: 10,338,606 rows in 3.58s
2026-09-23 14:58:09,439 INFO Removed inactive lead time: 10,338,606 -> 10,135,503 rows (203,103 removed from 10508 vaults)
2026-09-23 14:58:09,695 INFO Vault cleaning stage inactive lead time: 10,338,606 -> 10,135,503 rows in 3.48s
2026-09-23 14:58:12,084 INFO Discarded 5,459 initial low-TVL Hypercore price rows across 327 vaults; tracking starts at $1,000 NAV and 0 vaults have not reached it
2026-09-23 14:58:12,195 INFO Vault cleaning stage Hypercore initial low-TVL discard: 10,135,503 -> 10,130,044 rows in 2.50s
2026-09-23 14:58:14,725 INFO Discarded 421 pre-recapitalisation Hypercore price rows across 5 vaults; new epochs start once NAV reaches $1,000 after 7 days 00:00:00
2026-09-23 14:58:14,849 INFO Vault cleaning stage Hypercore recapitalisation discard: 10,130,044 -> 10,129,623 rows in 2.65s
2026-09-23 14:58:16,987 INFO Approximated Hypercore economic share prices for 613 vaults using 516,159 four-hour PnL/NAV checkpoints; carried 1,078,530 non-performance rows, repaired 268 delayed NAV confirmations, deferred 0 missing-input rows and 61 uncorroborated losses, capped 10 gains and recorded 1 terminal wipe-outs
2026-09-23 14:58:17,019 INFO Vault cleaning stage Hypercore PnL/NAV approximation: 10,129,623 -> 10,129,623 rows in 2.17s
2026-09-23 14:58:18,816 INFO Share-price outlier EVM selection: 8,535,236 rows in 1.76s
2026-09-23 14:58:18,840 INFO Share-price outlier frame preparation: 8,535,236 rows in 0.02s
2026-09-23 14:58:20,714 INFO Share-price outlier state forward-fill: 8,535,236 rows in 1.87s
2026-09-23 14:58:21,130 INFO Share-price outlier group arrays: 8,535,236 rows in 0.42s
2026-09-23 14:58:21,555 INFO Share-price outlier array kernel: 8,535,236 rows in 0.42s
2026-09-23 14:58:21,576 INFO Share prices fix count 6555, updated 6,555 / 8,535,236 rows with abnormal share_price spikes (> 33.00%)
2026-09-23 14:58:21,773 INFO Share-price outlier write-back comparison: 10/45 changed columns in 0.19s
2026-09-23 14:58:23,193 INFO Share-price outlier write-back: 10 columns in 1.42s; slowest [('max_deposit', 0.17582376953214407), ('raw_share_price', 0.1727829361334443), ('total_assets', 0.16809202171862125), ('max_redeem', 0.16649376973509789), ('available_liquidity', 0.16613654792308807)]
2026-09-23 14:58:23,369 INFO Vault cleaning stage EVM outlier repair: 8,535,236 -> 8,535,236 rows in 6.33s
2026-09-23 14:58:23,467 INFO Dropping 13,000 invalid share-price observations
2026-09-23 14:58:26,315 INFO Vault cleaning stage return calculation: 10,129,623 -> 10,116,623 rows in 2.95s
2026-09-23 14:58:26,380 INFO Found 1,833 outlier returns > 50.000000%; top vaults by count: DeFi Quant Trading=196, Majora Spark WXDAI=48, mortgagefi-conversion-usdc-cbbtc (Base) #980=37
2026-09-23 14:58:26,392 INFO Vault cleaning stage return cleaning: 10,116,623 -> 10,116,623 rows in 0.08s
2026-09-23 14:58:26,561 INFO Setting returns to zero for 1,313,113 / 10,116,623 data points where total_assets < 2.00% of all-time average TVL
2026-09-23 14:58:26,699 INFO Vault cleaning stage TVL cleaning: 10,116,623 -> 10,116,623 rows in 0.31s
2026-09-23 14:58:33,451 INFO Vault cleaning stage perpetual metric finalisation: 10,116,623 -> 10,116,623 rows in 6.65s
2026-09-23 14:58:33,453 INFO Vault cleaning stage Python transforms: 10,338,606 -> 10,116,623 rows in 48.51s
2026-09-23 14:58:33,454 INFO We have 10,116,623 price rows in the cleaned prices DataFrame before settlement annotation
2026-09-23 14:58:33,492 INFO Closing vault settlement database at /home/mikko/.tradingstrategy/vault-settlements.duckdb
2026-09-23 14:58:33,505 INFO Starting vault settlement annotation: 10116623 price rows, 11486 settlement rows
2026-09-23 14:58:34,537 INFO Prepared vault settlement annotation groups: 10116623 price rows across 12795 vaults, 11486 settlement rows across 432 vaults
2026-09-23 14:58:35,036 INFO Vault settlement annotation complete: 4743 price rows annotated across 330 vaults in 1.5 seconds
2026-09-23 14:58:35,046 INFO Merged vault settlement data: 4743 price rows annotated
2026-09-23 14:58:35,082 INFO Vault cleaning stage settlement annotation: 10,116,623 rows in 1.63s
2026-09-23 14:58:37,719 INFO Vault cleaning stage output sort: 10,116,623 rows in 2.62s
2026-09-23 14:58:37,878 INFO Vault cleaning stage Arrow conversion: 10,116,623 rows in 0.16s
2026-09-23 14:58:41,349 INFO Vault cleaning stage Parquet write: 10,116,623 rows in 3.47s
2026-09-23 14:58:41,350 INFO Parquet verification passed for /tmp/white-snake-clean-20260923/tmpz7t1nko_.parquet: 10116623 rows, 49 columns, 259507014 bytes
2026-09-23 14:58:41,351 INFO Vault cleaning stage Parquet verification: 10,116,623 rows in 0.00s
2026-09-23 14:58:44,424 INFO Parquet verification passed for /tmp/white-snake-clean-20260923/tmpwr_1g1y2.parquet: 1945631 rows, 49 columns, 59157081 bytes
2026-09-23 14:58:44,424 INFO Vault cleaning stage daily sidecar write: 1,945,631 rows to /tmp/white-snake-clean-20260923/candidate-daily.parquet in 3.07s
2026-09-23 14:58:44,439 INFO Saved cleaned vault prices to /tmp/white-snake-clean-20260923/candidate-hourly.parquet, total 10,116,623 rows, file size is 247.49 MB; total elapsed 63.28s
{"cpu_seconds": 80.207, "families": ["stablecoin"], "input": {"column_count": 38, "mtime_ns": 1790095143253953385, "path": "/home/mikko/.tradingstrategy/vault-prices-1h.parquet", "row_count": 22552978, "schema": [{"name": "chain", "type": "uint32"}, {"name": "address", "type": "string"}, {"name": "block_number", "type": "uint64"}, {"name": "timestamp", "type": "timestamp[ms]"}, {"name": "share_price", "type": "double"}, {"name": "total_assets", "type": "double"}, {"name": "total_supply", "type": "double"}, {"name": "performance_fee", "type": "float"}, {"name": "management_fee", "type": "float"}, {"name": "errors", "type": "string"}, {"name": "vault_poll_frequency", "type": "string"}, {"name": "max_deposit", "type": "double"}, {"name": "max_redeem", "type": "double"}, {"name": "deposits_open", "type": "string"}, {"name": "redemption_open", "type": "string"}, {"name": "trading", "type": "string"}, {"name": "available_liquidity", "type": "double"}, {"name": "utilisation", "type": "float"}, {"name": "written_at", "type": "timestamp[ms]"}, {"name": "perp_long_notional", "type": "double"}, {"name": "perp_short_notional", "type": "double"}, {"name": "perp_open_position_count", "type": "int64"}, {"name": "perp_largest_position_notional", "type": "double"}, {"name": "perp_quote_asset", "type": "string"}, {"name": "perp_position_data_status", "type": "string"}, {"name": "perp_metrics_observed_at", "type": "timestamp[ms]"}, {"name": "leader_fraction", "type": "double"}, {"name": "leader_commission", "type": "double"}, {"name": "daily_deposit_count", "type": "double"}, {"name": "daily_withdrawal_count", "type": "double"}, {"name": "daily_deposit_usd", "type": "double"}, {"name": "daily_withdrawal_usd", "type": "double"}, {"name": "account_pnl", "type": "double"}, {"name": "follower_count", "type": "double"}, {"name": "cumulative_volume", "type": "double"}, {"name": "deposit_closed_reason", "type": "large_string"}, {"name": "epoch_reset", "type": "bool"}, {"name": "hypercore_source", "type": "large_string"}], "size_bytes": 333430642}, "output_columns": 49, "output_is_temporary": false, "output_path": "/tmp/white-snake-clean-20260923/candidate-hourly.parquet", "output_rows": 10116623, "peak_rss_kib": 18322944, "settlements": {"enabled": true, "mtime_ns": 1790095246400881140, "path": "/home/mikko/.tradingstrategy/vault-settlements.duckdb", "row_count": 11486, "size_bytes": 3158016}, "vault_metadata": {"mtime_ns": 1790095081067599831, "path": "/home/mikko/.tradingstrategy/vault-metadata-db.pickle", "size_bytes": 53933036}, "wall_seconds": 63.535}
