BENCHMARK_STAGE {"cpu_seconds": 0.823, "rows": 10116623, "stage": "read_parquet", "wall_seconds": 0.214}
Loaded 51,907 vault metadata entries and 10,116,623 price rows across 29 chains from 2022-03-10 14:38:58 to 2026-09-22 15:14:43.301000; price columns: 48
BENCHMARK_STAGE {"cpu_seconds": 5.568, "stage": "cross_check_data", "wall_seconds": 5.568}
Phase parquet-read complete: RSS 2.6 GiB
The report covers 25,200 stablecoin-denominated vaults out of 51,907 total vaults
Filtered stablecoin-denominated price data has 10,116,623 rows
BENCHMARK_STAGE {"cpu_seconds": 0.272, "stage": "compute_vault_tvl_observations", "wall_seconds": 0.272}
BENCHMARK_STAGE {"cpu_seconds": 0.014, "due_vaults": 12795, "skipped_vaults": 0, "stage": "partition_due_vault_ids", "wall_seconds": 0.014}
Metrics freshness: 12,795 vaults due, 0 low-TVL vaults still fresh
BENCHMARK_STAGE {"cpu_seconds": 8.536, "rows": 10116623, "stage": "read_parquet", "wall_seconds": 0.562}
Phase due-filtered-read complete: RSS 6.2 GiB
BENCHMARK_STAGE {"cpu_seconds": 201.396, "rows": 6508966, "stage": "calculate_hourly_returns_for_all_vaults", "wall_seconds": 201.405}
Phase daily-prep complete: RSS 19.2 GiB
Opened Core3 risk database at /tmp/white-snake-vault-top-20260923/core3.duckdb with 1428 projects
BENCHMARK_STAGE {"cpu_seconds": 0.111, "stage": "build_core3_protocols_for_export", "wall_seconds": 0.068}
Opened Xerberus risk database at /tmp/white-snake-vault-top-20260923/xerberus.duckdb with 105 pools and 53 protocols
BENCHMARK_STAGE {"cpu_seconds": 0.191, "stage": "build_xerberus_pool_lookup", "wall_seconds": 0.137}
BENCHMARK_STAGE {"cpu_seconds": 0.043, "stage": "build_xerberus_protocols_for_export", "wall_seconds": 0.032}
BENCHMARK_STAGE {"cpu_seconds": 272.711, "rows": 12795, "stage": "calculate_lifetime_metrics", "wall_seconds": 275.305}
Calculated lifetime metrics for 12,795 vaults with 109 columns
Phase metrics complete: RSS 22.7 GiB
BENCHMARK_STAGE {"cpu_seconds": 10.402, "stage": "apply_sticky_export_state", "wall_seconds": 10.413}
Phase sticky complete: RSS 22.8 GiB
Opened feed database at /tmp/white-snake-vault-top-20260923/vault-post-database.duckdb
BENCHMARK_STAGE {"cpu_seconds": 0.629, "stage": "build_curators_for_export", "wall_seconds": 0.623}
Built curator export for 208 curators
BENCHMARK_STAGE {"cpu_seconds": 0.019, "stage": "append_strategy_categories_to_export", "wall_seconds": 0.019}
Built strategy category export for 33 tags
Xerberus coverage: 67 pool / 1592 protocol / 3772 unmatched (30.55% of 5431)
BENCHMARK_STAGE {"cpu_seconds": 0.479, "stage": "validate_strict_json_serialisable", "wall_seconds": 0.479}
BENCHMARK_STAGE {"cpu_seconds": 0.487, "stage": "validate_strict_json_serialisable", "wall_seconds": 0.487}
Sticky export state: loaded 0 vault entries from /tmp/white-snake-vault-top-20260923/vault-export-state.json
Phase export-write complete: RSS 21.4 GiB
Metrics freshness state: 12,795 vaults recomputed, 0 low-TVL vaults kept
Current filter passed: 5,462
Sticky additions: 5,431
Sticky fallback exports: 0
Current-row structural fallbacks: 0
Structurally suppressed vaults: 0
Stale warning vaults: 703
Missing protocol slugs for sticky rows: 0
Missing curator slugs for sticky rows: 0
Exported 5,431 vault rows to /tmp/white-snake-vault-top-20260923/top_vaults_by_chain.json
BENCHMARK_RESULT {"cpu_seconds": 510.328, "input": {"metadata_mtime_ns": 1790095081067599831, "metadata_size_bytes": 53933036, "price_mtime_ns": 1790095127735114707, "price_path": "/home/mikko/.tradingstrategy/cleaned-vault-prices-1h.parquet", "price_rows": 10116623, "price_size_bytes": 259507258}, "output_size_bytes": 75687997, "output_vaults": 5431, "peak_rss_kib": 25692328, "phase": "cold", "stages": [{"cpu_seconds": 0.823, "rows": 10116623, "stage": "read_parquet", "wall_seconds": 0.214}, {"cpu_seconds": 5.568, "stage": "cross_check_data", "wall_seconds": 5.568}, {"cpu_seconds": 0.272, "stage": "compute_vault_tvl_observations", "wall_seconds": 0.272}, {"cpu_seconds": 0.014, "due_vaults": 12795, "skipped_vaults": 0, "stage": "partition_due_vault_ids", "wall_seconds": 0.014}, {"cpu_seconds": 8.536, "rows": 10116623, "stage": "read_parquet", "wall_seconds": 0.562}, {"cpu_seconds": 201.396, "rows": 6508966, "stage": "calculate_hourly_returns_for_all_vaults", "wall_seconds": 201.405}, {"cpu_seconds": 0.111, "stage": "build_core3_protocols_for_export", "wall_seconds": 0.068}, {"cpu_seconds": 0.191, "stage": "build_xerberus_pool_lookup", "wall_seconds": 0.137}, {"cpu_seconds": 0.043, "stage": "build_xerberus_protocols_for_export", "wall_seconds": 0.032}, {"cpu_seconds": 272.711, "rows": 12795, "stage": "calculate_lifetime_metrics", "wall_seconds": 275.305}, {"cpu_seconds": 10.402, "stage": "apply_sticky_export_state", "wall_seconds": 10.413}, {"cpu_seconds": 0.629, "stage": "build_curators_for_export", "wall_seconds": 0.623}, {"cpu_seconds": 0.019, "stage": "append_strategy_categories_to_export", "wall_seconds": 0.019}, {"cpu_seconds": 0.479, "stage": "validate_strict_json_serialisable", "wall_seconds": 0.479}, {"cpu_seconds": 0.487, "stage": "validate_strict_json_serialisable", "wall_seconds": 0.487}], "wall_seconds": 504.594}
